// Jest Snapshot v1, https://goo.gl/fbAQLP

exports[`Show GoodsFilter 1`] = `
<DocumentFragment>
  <div
    class="overlay-fade-enter-active nut-overlay"
    style="z-index: 1000; animation-duration: 0.3s;"
  />
  <div
    class="round nut-popup-right  nut-popup"
    style="width: 80%; height: 100%; z-index: 1000; animation-duration: 0.3s;"
  >
    <div
      class="nut-goods-filter"
    >
      <div
        class="nut-goods-filter__chunk nut-goods-filter__chunk--address"
      >
        <div
          class="nut-goods-filter__chunk__label"
        >
          配送地址
        </div>
        <div
          class="nut-goods-filter__chunk__group"
        >
          <i
            class="nutui-iconfont nut-icon nut-icon-location2 nut-goods-filter__chunk__group__icon"
            style="font-size: 12px; height: 12px; width: 12px;"
          />
          <div
            class="nut-goods-filter__chunk__group__address"
          >
            <span>
              您还没有选中的地址
            </span>
          </div>
          <div
            class="nut-goods-filter__chunk__group__modify"
          >
            修改
          </div>
        </div>
      </div>
      <div
        class="nut-goods-filter__chunk"
      >
        <div
          class="nut-goods-filter__chunk__type"
        >
          <div
            class=""
          >
            仅看有货
          </div>
          <div
            class=""
          >
            京东物流
          </div>
          <div
            class=""
          >
            货到付款
          </div>
          <div
            class=""
          >
            放心购
          </div>
        </div>
      </div>
      <div
        class="nut-goods-filter__chunk"
      >
        <div
          class="nut-goods-filter__chunk__label"
        >
          价格区间
        </div>
        <div
          class="nut-goods-filter__chunk__price"
        >
          <div
            class="nut-goods-filter__chunk__price--range"
          >
            <div
              class="nut-goods-filter__chunk__price--range__item nut-goods-filter__chunk__price--range__item--low"
            >
              <span
                class="nut-goods-filter__chunk__price--range__item nut-goods-filter__chunk__price--range__item--placeholder"
              >
                最低价
              </span>
              <input
                class="input-num"
                type="number"
                value=""
              />
            </div>
            <span
              class="nut-goods-filter__chunk__price--range__cable"
            />
            <div
              class="nut-goods-filter__chunk__price--range__item nut-goods-filter__chunk__price--range__item--high"
            >
              <span
                class="nut-goods-filter__chunk__price--range__item nut-goods-filter__chunk__price--range__item--placeholder"
              >
                最高价
              </span>
              <input
                class="input-num"
                type="number"
                value=""
              />
            </div>
          </div>
          <div
            class="nut-goods-filter__chunk__price--recommend"
          >
            <div
              class="nut-goods-filter__chunk__price--recommend__item"
            >
              <div>
                53-132
              </div>
              <div>
                14%选择
              </div>
            </div>
            <div
              class="nut-goods-filter__chunk__price--recommend__item"
            >
              <div>
                132-314
              </div>
              <div>
                45%选择
              </div>
            </div>
            <div
              class="nut-goods-filter__chunk__price--recommend__item"
            >
              <div>
                3141-13291329
              </div>
              <div>
                27%选择
              </div>
            </div>
          </div>
        </div>
      </div>
      <div
        class="nut-goods-filter__chunk__gap"
      />
      <div
        class="nut-goods-filter__chunk__list"
      >
        <div
          class="nut-goods-filter__chunk__list--item"
        >
          <div
            class="nut-goods-filter__chunk__list--item__top"
          >
            <div
              class="nut-goods-filter__chunk__list--item__title"
            >
              品牌
            </div>
            <div
              class="nut-goods-filter__chunk__list--item__subTitle"
            />
            <i
              class="nutui-iconfont nut-icon nut-icon-heart nut-goods-filter__chunk__list--item__icon"
            />
          </div>
          <div
            class="nut-goods-filter__chunk__groups"
          >
            <div
              class="nut-goods-filter__chunk__groups--item"
            >
              蒙牛
            </div>
            <div
              class="nut-goods-filter__chunk__groups--item"
            >
              伊利
            </div>
            <div
              class="nut-goods-filter__chunk__groups--item"
            >
              三元（SAN YUAN）
            </div>
            <div
              class="nut-goods-filter__chunk__groups--item"
            >
              麦趣尔
            </div>
            <div
              class="nut-goods-filter__chunk__groups--item"
            >
              德亚（Weidendorf）
            </div>
            <div
              class="nut-goods-filter__chunk__groups--item"
            >
              安佳（Anchor）
            </div>
            <div
              class="nut-goods-filter__chunk__groups--item"
            >
              认养一头牛
            </div>
            <div
              class="nut-goods-filter__chunk__groups--item"
            >
              小西牛
            </div>
            <div
              class="nut-goods-filter__chunk__groups--item"
            >
              澳牧
            </div>
          </div>
        </div>
        <div
          class="nut-goods-filter__chunk__list--item"
        >
          <div
            class="nut-goods-filter__chunk__list--item__top"
          >
            <div
              class="nut-goods-filter__chunk__list--item__title"
            >
              类别
            </div>
            <div
              class="nut-goods-filter__chunk__list--item__subTitle"
            />
            <i
              class="nutui-iconfont nut-icon nut-icon-heart nut-goods-filter__chunk__list--item__icon"
            />
          </div>
          <div
            class="nut-goods-filter__chunk__groups"
          >
            <div
              class="nut-goods-filter__chunk__groups--item"
            >
              鲜牛奶
            </div>
            <div
              class="nut-goods-filter__chunk__groups--item"
            >
              低温酸奶
            </div>
            <div
              class="nut-goods-filter__chunk__groups--item"
            >
              调味鲜牛奶
            </div>
            <div
              class="nut-goods-filter__chunk__groups--item"
            >
              低温牛奶
            </div>
          </div>
        </div>
        <div
          class="nut-goods-filter__chunk__list--item"
        >
          <div
            class="nut-goods-filter__chunk__list--item__top"
          >
            <div
              class="nut-goods-filter__chunk__list--item__title"
            >
              口味
            </div>
            <div
              class="nut-goods-filter__chunk__list--item__subTitle"
            />
            <i
              class="nutui-iconfont nut-icon nut-icon-heart nut-goods-filter__chunk__list--item__icon"
            />
          </div>
          <div
            class="nut-goods-filter__chunk__groups"
          >
            <div
              class="nut-goods-filter__chunk__groups--item"
            >
              水果味
            </div>
            <div
              class="nut-goods-filter__chunk__groups--item"
            >
              白桃味
            </div>
            <div
              class="nut-goods-filter__chunk__groups--item"
            >
              巧克力味
            </div>
            <div
              class="nut-goods-filter__chunk__groups--item"
            >
              原味
            </div>
            <div
              class="nut-goods-filter__chunk__groups--item"
            >
              草莓味
            </div>
            <div
              class="nut-goods-filter__chunk__groups--item"
            >
              红枣味
            </div>
            <div
              class="nut-goods-filter__chunk__groups--item"
            >
              香蕉味
            </div>
            <div
              class="nut-goods-filter__chunk__groups--item"
            >
              水蜜桃味
            </div>
          </div>
        </div>
        <div
          class="nut-goods-filter__chunk__list--item"
        >
          <div
            class="nut-goods-filter__chunk__list--item__top"
          >
            <div
              class="nut-goods-filter__chunk__list--item__title"
            >
              钙含量
            </div>
            <div
              class="nut-goods-filter__chunk__list--item__subTitle"
            />
            <i
              class="nutui-iconfont nut-icon nut-icon-heart nut-goods-filter__chunk__list--item__icon"
            />
          </div>
          <div
            class="nut-goods-filter__chunk__groups"
          >
            <div
              class="nut-goods-filter__chunk__groups--item"
            >
              高钙
            </div>
            <div
              class="nut-goods-filter__chunk__groups--item"
            >
              非高钙
            </div>
          </div>
        </div>
        <div
          class="nut-goods-filter__chunk__list--item"
        >
          <div
            class="nut-goods-filter__chunk__list--item__top"
          >
            <div
              class="nut-goods-filter__chunk__list--item__title"
            >
              蛋白质含量
            </div>
            <div
              class="nut-goods-filter__chunk__list--item__subTitle"
            />
            <i
              class="nutui-iconfont nut-icon nut-icon-heart nut-goods-filter__chunk__list--item__icon"
            />
          </div>
          <div
            class="nut-goods-filter__chunk__groups"
          >
            <div
              class="nut-goods-filter__chunk__groups--item"
            >
              高蛋白
            </div>
            <div
              class="nut-goods-filter__chunk__groups--item"
            >
              非高蛋白
            </div>
          </div>
        </div>
      </div>
      <div
        class="nut-goods-filter__operate"
      >
        <div
          class="nut-goods-filter__operate__btn nut-goods-filter__operate__btn--reset"
        >
          重置
        </div>
        <div
          class="nut-goods-filter__operate__btn nut-goods-filter__operate__btn--confirm"
        >
          确定
        </div>
      </div>
    </div>
  </div>
</DocumentFragment>
`;
