// Jest Snapshot v1, https://goo.gl/fbAQLP

exports[`test placeholder 1`] = `undefined`;
